{"id":1,"jsonrpc":"2.0","result":{"capabilities":{"tools":{"listChanged":true}},"protocolVersion":"2024-11-05","serverInfo":{"name":"SwiftMacOSServerDirect","version":"1.6.0"}}}
{"id":2,"jsonrpc":"2.0","result":{"tools":[{"description":"Opens/activates an application and then traverses its accessibility tree.","inputSchema":{"properties":{"identifier":{"description":"REQUIRED. App name, path, or bundle ID.","type":"string"}},"required":["identifier"],"type":"object"},"name":"macos-use_open_application_and_traverse"},{"description":"Simulates a click at the given coordinates within the app specified by PID, then traverses its accessibility tree.","inputSchema":{"properties":{"animationDuration":{"description":"OPTIONAL. Duration of the animation in seconds.","type":"number"},"pid":{"description":"OPTIONAL. PID of the target application. Defaults to frontmost app.","type":"number"},"showAnimation":{"description":"OPTIONAL. Show visual feedback animation (green circle).","type":"boolean"},"x":{"description":"REQUIRED. X coordinate for the click.","type":"number"},"y":{"description":"REQUIRED. Y coordinate for the click.","type":"number"}},"required":["x","y"],"type":"object"},"name":"macos-use_click_and_traverse"},{"description":"Simulates typing text into the app specified by PID, then traverses its accessibility tree.","inputSchema":{"properties":{"pid":{"description":"OPTIONAL. PID of the target application window. Defaults to frontmost app.","type":"number"},"text":{"description":"REQUIRED. Text to type.","type":"string"}},"required":["text"],"type":"object"},"name":"macos-use_type_and_traverse"},{"description":"Traverses the accessibility tree of the application specified by PID.","inputSchema":{"properties":{"pid":{"description":"OPTIONAL. PID of the application to traverse. Defaults to frontmost app.","type":"number"}},"required":[],"type":"object"},"name":"macos-use_refresh_traversal"},{"description":"Execute a terminal command in a persistent shell session (maintains CWD).","inputSchema":{"properties":{"command":{"description":"REQUIRED. The shell command to execute.","type":"string"}},"required":["command"],"type":"object"},"name":"execute_command"},{"description":"Alias for execute_command.","inputSchema":{"properties":{"command":{"description":"REQUIRED. The shell command to execute.","type":"string"}},"required":["command"],"type":"object"},"name":"terminal"},{"description":"Enhanced screenshot tool with region selection, multi-monitor support, compression, and OCR integration.","inputSchema":{"properties":{"format":{"description":"Optional output format: 'png', 'jpg', 'webp'","enum":["png","jpg","webp"],"type":"string"},"monitor":{"description":"Optional monitor index (0 for main, 1 for secondary, etc.)","type":"number"},"ocr":{"description":"Optional: Run OCR on screenshot and return text","type":"boolean"},"path":{"description":"Optional path to save screenshot. If not provided, returns Base64.","type":"string"},"quality":{"description":"Optional compression quality: 'low', 'medium', 'high', 'lossless'","enum":["low","medium","high","lossless"],"type":"string"},"region":{"description":"Optional region to capture: {x: number, y: number, width: number, height: number}","properties":{"height":{"description":"Height of region","type":"number"},"width":{"description":"Width of region","type":"number"},"x":{"description":"X coordinate of top-left corner","type":"number"},"y":{"description":"Y coordinate of top-left corner","type":"number"}},"type":"object"}},"type":"object"},"name":"macos-use_take_screenshot"},{"description":"Alias for enhanced macos-use_take_screenshot.","inputSchema":{"properties":{"format":{"description":"Optional output format: 'png', 'jpg', 'webp'","enum":["png","jpg","webp"],"type":"string"},"monitor":{"description":"Optional monitor index (0 for main, 1 for secondary, etc.)","type":"number"},"ocr":{"description":"Optional: Run OCR on screenshot and return text","type":"boolean"},"path":{"description":"Optional path to save screenshot. If not provided, returns Base64.","type":"string"},"quality":{"description":"Optional compression quality: 'low', 'medium', 'high', 'lossless'","enum":["low","medium","high","lossless"],"type":"string"},"region":{"description":"Optional region to capture: {x: number, y: number, width: number, height: number}","properties":{"height":{"description":"Height of region","type":"number"},"width":{"description":"Width of region","type":"number"},"x":{"description":"X coordinate of top-left corner","type":"number"},"y":{"description":"Y coordinate of top-left corner","type":"number"}},"type":"object"}},"type":"object"},"name":"screenshot"},{"description":"Enhanced OCR with region selection, language detection, confidence scores, and multiple output formats.","inputSchema":{"properties":{"confidence":{"description":"Optional: Include confidence scores in results","type":"boolean"},"format":{"description":"Optional output format: 'json', 'text', 'both'","enum":["json","text","both"],"type":"string"},"language":{"description":"Optional language hint: 'en', 'uk', 'ru', 'auto'","enum":["en","uk","ru","auto"],"type":"string"},"region":{"description":"Optional region to analyze: {x: number, y: number, width: number, height: number}","properties":{"height":{"description":"Height of region","type":"number"},"width":{"description":"Width of region","type":"number"},"x":{"description":"X coordinate of top-left corner","type":"number"},"y":{"description":"Y coordinate of top-left corner","type":"number"}},"type":"object"}},"type":"object"},"name":"macos-use_analyze_screen"},{"description":"Alias for enhanced macos-use_analyze_screen.","inputSchema":{"properties":{"confidence":{"description":"Optional: Include confidence scores in results","type":"boolean"},"format":{"description":"Optional output format: 'json', 'text', 'both'","enum":["json","text","both"],"type":"string"},"language":{"description":"Optional language hint: 'en', 'uk', 'ru', 'auto'","enum":["en","uk","ru","auto"],"type":"string"},"region":{"description":"Optional region to analyze: {x: number, y: number, width: number, height: number}","properties":{"height":{"description":"Height of region","type":"number"},"width":{"description":"Width of region","type":"number"},"x":{"description":"X coordinate of top-left corner","type":"number"},"y":{"description":"Y coordinate of top-left corner","type":"number"}},"type":"object"}},"type":"object"},"name":"ocr"},{"description":"Alias for enhanced macos-use_analyze_screen.","inputSchema":{"properties":{"confidence":{"description":"Optional: Include confidence scores in results","type":"boolean"},"format":{"description":"Optional output format: 'json', 'text', 'both'","enum":["json","text","both"],"type":"string"},"language":{"description":"Optional language hint: 'en', 'uk', 'ru', 'auto'","enum":["en","uk","ru","auto"],"type":"string"},"region":{"description":"Optional region to analyze: {x: number, y: number, width: number, height: number}","properties":{"height":{"description":"Height of region","type":"number"},"width":{"description":"Width of region","type":"number"},"x":{"description":"X coordinate of top-left corner","type":"number"},"y":{"description":"Y coordinate of top-left corner","type":"number"}},"type":"object"}},"type":"object"},"name":"analyze"},{"description":"Simulates pressing a specific key (like Return, Enter, Escape, Tab, Arrow Keys, regular characters) with optional modifiers, then traverses the accessibility tree.","inputSchema":{"properties":{"keyName":{"description":"REQUIRED. Name of the key to press (e.g., 'Return', 'Enter', 'Escape', 'Tab', 'ArrowUp', 'Delete', 'a', 'B'). Case-sensitive for letter keys if no modifiers used.","type":"string"},"modifierFlags":{"description":"OPTIONAL. Modifier keys to hold (e.g., ['Command', 'Shift']). Valid: CapsLock, Shift, Control, Option, Command, Function, NumericPad, Help.","items":{"type":"string"},"type":"array"},"pid":{"description":"OPTIONAL. PID of the target application window. Defaults to frontmost app.","type":"number"}},"required":["keyName"],"type":"object"},"name":"macos-use_press_key_and_traverse"},{"description":"Simulates a mouse scroll wheel action in a specific direction.","inputSchema":{"properties":{"amount":{"description":"OPTIONAL. Amount to scroll (default 3).","type":"number"},"direction":{"description":"REQUIRED. Direction to scroll: 'up', 'down', 'left', 'right'.","type":"string"},"pid":{"description":"OPTIONAL. PID of the target application. Defaults to frontmost app.","type":"number"},"sensitivity":{"description":"OPTIONAL. Scroll sensitivity: 'fine' (1x), 'normal' (10x, default), 'fast' (30x).","enum":["fine","normal","fast"],"type":"string"}},"required":["direction"],"type":"object"},"name":"macos-use_scroll_and_traverse"},{"description":"Simulates a right-click (context menu) at the specified coordinates.","inputSchema":{"properties":{"pid":{"description":"OPTIONAL. PID of the target application. Defaults to frontmost app.","type":"number"},"x":{"description":"REQUIRED. Screen X coordinate.","type":"number"},"y":{"description":"REQUIRED. Screen Y coordinate.","type":"number"}},"required":["x","y"],"type":"object"},"name":"macos-use_right_click_and_traverse"},{"description":"Simulates a double-click at the specified coordinates.","inputSchema":{"properties":{"pid":{"description":"OPTIONAL. PID of the target application. Defaults to frontmost app.","type":"number"},"x":{"description":"REQUIRED. Screen X coordinate.","type":"number"},"y":{"description":"REQUIRED. Screen Y coordinate.","type":"number"}},"required":["x","y"],"type":"object"},"name":"macos-use_double_click_and_traverse"},{"description":"Simulates a triple-click to select an entire line of text at the specified coordinates.","inputSchema":{"properties":{"pid":{"description":"OPTIONAL. PID of the target application. Defaults to frontmost app.","type":"number"},"x":{"description":"REQUIRED. Screen X coordinate.","type":"number"},"y":{"description":"REQUIRED. Screen Y coordinate.","type":"number"}},"required":["x","y"],"type":"object"},"name":"macos-use_triple_click_and_traverse"},{"description":"Moves the mouse cursor to the specified screen coordinates without clicking. Useful for hover effects, tooltips, and positioning before other actions.","inputSchema":{"properties":{"pid":{"description":"OPTIONAL. PID of the target application. Defaults to frontmost app.","type":"number"},"x":{"description":"REQUIRED. Screen X coordinate.","type":"number"},"y":{"description":"REQUIRED. Screen Y coordinate.","type":"number"}},"required":["x","y"],"type":"object"},"name":"macos-use_mouse_move"},{"description":"Simulates a mouse drag-and-drop action.","inputSchema":{"properties":{"endX":{"description":"REQUIRED. End X coordinate.","type":"number"},"endY":{"description":"REQUIRED. End Y coordinate.","type":"number"},"pid":{"description":"OPTIONAL. PID of the target application. Defaults to frontmost app.","type":"number"},"startX":{"description":"REQUIRED. Start X coordinate.","type":"number"},"startY":{"description":"REQUIRED. Start Y coordinate.","type":"number"},"steps":{"description":"OPTIONAL. Number of interpolation steps for smooth drag (default 10).","type":"number"}},"required":["startX","startY","endX","endY"],"type":"object"},"name":"macos-use_drag_and_drop_and_traverse"},{"description":"Network diagnostics: check connectivity, list interfaces, get public IP, DNS lookup, ping hosts.","inputSchema":{"properties":{"action":{"description":"REQUIRED. Action: 'connectivity', 'interfaces', 'public_ip', 'dns_lookup', 'ping', 'full'","type":"string"},"target":{"description":"OPTIONAL. Target host for ping/dns_lookup (default: google.com)","type":"string"}},"required":["action"],"type":"object"},"name":"macos-use_network_diagnostics"},{"description":"Enhanced window management with snapshots, grouping, and advanced actions.","inputSchema":{"properties":{"action":{"description":"Action: 'move', 'resize', 'minimize', 'maximize', 'make_front', 'snapshot', 'group', 'ungroup'.","enum":["move","resize","minimize","maximize","make_front","snapshot","group","ungroup"],"type":"string"},"groupId":{"description":"Optional: Group ID for grouping/ungrouping windows.","type":"string"},"height":{"description":"Optional Height for resize.","type":"number"},"pid":{"description":"OPTIONAL. PID of the application. Defaults to frontmost app.","type":"number"},"snapshotPath":{"description":"Optional: Path to save window snapshot.","type":"string"},"width":{"description":"Optional Width for resize.","type":"number"},"x":{"description":"Optional X for move.","type":"number"},"y":{"description":"Optional Y for move.","type":"number"}},"required":["action"],"type":"object"},"name":"macos-use_window_management"},{"description":"Enhanced clipboard with rich text, images, and history support.","inputSchema":{"properties":{"addToHistory":{"description":"Optional: Add to clipboard history (default: true).","type":"boolean"},"animationDuration":{"description":"Optional: Duration of the animation in seconds.","type":"number"},"html":{"description":"Optional HTML content for rich text clipboard.","type":"string"},"image":{"description":"Optional base64 image data for image clipboard.","type":"string"},"showAnimation":{"description":"Optional: Show visual focus animation.","type":"boolean"},"text":{"description":"Text to set to clipboard (for plain text).","type":"string"}},"required":["text"],"type":"object"},"name":"macos-use_set_clipboard"},{"description":"Enhanced clipboard getter with history, rich text, and image support.","inputSchema":{"properties":{"format":{"description":"Optional: Return format - 'text', 'html', 'image', 'all'.","enum":["text","html","image","all"],"type":"string"},"history":{"description":"Optional: Return clipboard history instead of current content.","type":"boolean"},"limit":{"description":"Optional: Limit history results (default: 10).","type":"number"}},"type":"object"},"name":"macos-use_get_clipboard"},{"description":"Manage clipboard history - clear, limit, and view history.","inputSchema":{"properties":{"clear":{"description":"Optional: Clear clipboard history.","type":"boolean"},"limit":{"description":"Optional: Maximum history items to keep.","type":"number"}},"type":"object"},"name":"macos-use_clipboard_history"},{"description":"Voice control system with speech recognition and command execution.","inputSchema":{"properties":{"command":{"description":"Voice command to execute (e.g., 'open Safari', 'take screenshot', 'type hello').","type":"string"},"confidence":{"description":"Optional: Minimum confidence threshold (0.0-1.0).","type":"number"},"language":{"description":"Optional: Language for voice recognition (en-US, uk-UA, etc.).","enum":["en-US","uk-UA","ru-RU","de-DE"],"type":"string"}},"required":["command"],"type":"object"},"name":"macos-use_voice_control"},{"description":"Advanced process management with monitoring, control, and priority adjustment.","inputSchema":{"properties":{"action":{"description":"Action: 'list', 'kill', 'restart', 'monitor', 'priority'.","enum":["list","kill","restart","monitor","priority"],"type":"string"},"duration":{"description":"Optional: Monitoring duration in seconds.","type":"number"},"name":{"description":"Optional: Process name for specific actions.","type":"string"},"pid":{"description":"Optional: Process ID for specific actions.","type":"number"},"priority":{"description":"Optional: Priority level (low, normal, high).","enum":["low","normal","high"],"type":"string"}},"required":["action"],"type":"object"},"name":"macos-use_process_management"},{"description":"File and folder encryption with AES algorithms and secure password management.","inputSchema":{"properties":{"action":{"description":"Action: 'encrypt', 'decrypt', 'encrypt_folder', 'decrypt_folder'.","enum":["encrypt","decrypt","encrypt_folder","decrypt_folder"],"type":"string"},"algorithm":{"description":"Encryption algorithm (AES256, AES128).","enum":["AES256","AES128"],"type":"string"},"output":{"description":"Optional: Output path for encrypted/decrypted file.","type":"string"},"password":{"description":"Encryption password.","type":"string"},"path":{"description":"File or folder path to encrypt/decrypt.","type":"string"}},"required":["action","path","password"],"type":"object"},"name":"macos-use_file_encryption"},{"description":"Real-time system monitoring with CPU, memory, disk, network, and battery metrics.","inputSchema":{"properties":{"alert":{"description":"Optional: Send alert if thresholds exceeded.","type":"boolean"},"duration":{"description":"Monitoring duration in seconds.","type":"number"},"interval":{"description":"Sampling interval in seconds.","type":"number"},"metric":{"description":"Metric to monitor: 'cpu', 'memory', 'disk', 'network', 'battery', 'all'.","enum":["cpu","memory","disk","network","battery","all"],"type":"string"},"threshold":{"description":"Optional: Alert threshold (0-100).","type":"number"}},"required":["metric"],"type":"object"},"name":"macos-use_system_monitoring"},{"description":"Enhanced system control with monitoring, metrics, and comprehensive actions.","inputSchema":{"properties":{"action":{"description":"Action: 'play_pause', 'next', 'previous', 'volume_up', 'volume_down', 'mute', 'brightness_up', 'brightness_down', 'get_info', 'get_system_info', 'get_performance', 'get_network', 'get_storage'.","enum":["play_pause","next","previous","volume_up","volume_down","mute","brightness_up","brightness_down","get_info","get_system_info","get_performance","get_network","get_storage"],"type":"string"},"value":{"description":"Optional numeric value for volume/brightness (0-100).","type":"number"}},"required":["action"],"type":"object"},"name":"macos-use_system_control"},{"description":"Fetches content from a URL and converts HTML to text/markdown using SwiftSoup.","inputSchema":{"properties":{"url":{"description":"REQUIRED. The URL to fetch.","type":"string"}},"required":["url"],"type":"object"},"name":"macos-use_fetch_url"},{"description":"Enhanced time tool with timezone conversion, formatting, and countdown support.","inputSchema":{"properties":{"convertTo":{"description":"Optional: Convert to timezone (e.g., 'UTC', 'Europe/Kiev').","type":"string"},"customFormat":{"description":"Optional: Custom format string (used with format='custom').","type":"string"},"format":{"description":"Optional: Time format - 'iso', 'readable', 'unix', 'custom'.","enum":["iso","readable","unix","custom"],"type":"string"},"timezone":{"description":"Optional: Timezone identifier (e.g., 'America/Los_Angeles'). Defaults to system.","type":"string"}},"type":"object"},"name":"macos-use_get_time"},{"description":"Countdown timer with notification support.","inputSchema":{"properties":{"message":{"description":"Optional: Message to display when countdown ends.","type":"string"},"notification":{"description":"Optional: Send notification when countdown ends.","type":"boolean"},"seconds":{"description":"Required: Countdown duration in seconds.","type":"number"}},"required":["seconds"],"type":"object"},"name":"macos-use_countdown_timer"},{"description":"Ultimate AppleScript tool with AI generation, templates, debugging, and validation.","inputSchema":{"properties":{"aiGenerate":{"description":"Optional: Generate AppleScript using AI based on description.","type":"boolean"},"debug":{"description":"Optional: Enable debugging mode with detailed output.","type":"boolean"},"description":{"description":"Optional: Describe what you want to accomplish, AI will generate the script.","type":"string"},"script":{"description":"REQUIRED. The AppleScript code to execute.","type":"string"},"template":{"description":"Optional: Use predefined template (automation, file_ops, system_info, etc.).","type":"string"},"timeout":{"description":"Optional: Execution timeout in seconds (default: 10).","type":"number"},"validate":{"description":"Optional: Validate script syntax before execution.","type":"boolean"}},"required":["script"],"type":"object"},"name":"macos-use_run_applescript"},{"description":"Manage AppleScript templates - create, list, and use templates.","inputSchema":{"properties":{"create":{"description":"Optional: Create new template with name and script.","type":"string"},"description":{"description":"Template description.","type":"string"},"list":{"description":"Optional: List all available templates.","type":"boolean"},"name":{"description":"Template name (required for create).","type":"string"},"script":{"description":"Template script content (required for create).","type":"string"}},"type":"object"},"name":"macos-use_applescript_templates"},{"description":"Fetch calendar events for a date range.","inputSchema":{"properties":{"end":{"description":"End date (ISO8601 or natural language)","type":"string"},"start":{"description":"Start date (ISO8601 or natural language)","type":"string"}},"required":["start","end"],"type":"object"},"name":"macos-use_calendar_events"},{"description":"Enhanced calendar event creation with attendees, location, recurring events, and reminders.","inputSchema":{"properties":{"attendees":{"description":"Optional list of attendee emails","items":{"type":"string"},"type":"array"},"date":{"description":"Event date","type":"string"},"endDate":{"description":"Optional end date","type":"string"},"location":{"description":"Optional event location","type":"string"},"notes":{"description":"Optional event notes","type":"string"},"recurring":{"description":"Optional recurring pattern: 'daily', 'weekly', 'monthly'","enum":["daily","weekly","monthly"],"type":"string"},"reminder":{"description":"Optional reminder in minutes before event","type":"number"},"title":{"description":"Event title","type":"string"}},"required":["title","date"],"type":"object"},"name":"macos-use_create_event"},{"description":"Fetch incomplete reminders.","inputSchema":{"properties":{"list":{"description":"Optional list name filter","type":"string"}},"type":"object"},"name":"macos-use_reminders"},{"description":"Create a new reminder.","inputSchema":{"properties":{"title":{"description":"Reminder title","type":"string"}},"required":["title"],"type":"object"},"name":"macos-use_create_reminder"},{"description":"Search for files using Spotlight (mdfind).","inputSchema":{"properties":{"query":{"description":"Filename search query","type":"string"}},"required":["query"],"type":"object"},"name":"macos-use_spotlight_search"},{"description":"Enhanced notification with scheduling, custom sounds, and persistence.","inputSchema":{"properties":{"message":{"description":"Notification body text","type":"string"},"persistent":{"description":"Optional: Keep notification until dismissed","type":"boolean"},"schedule":{"description":"Optional: Schedule notification in ISO format (e.g., '2026-02-10T15:00:00Z')","type":"string"},"sound":{"description":"Optional: Sound name - 'default', 'none', or system sound name","type":"string"},"template":{"description":"Optional: Use predefined template","type":"string"},"title":{"description":"Notification title","type":"string"}},"required":["title","message"],"type":"object"},"name":"macos-use_send_notification"},{"description":"Manage scheduled notifications - clear, list, and schedule.","inputSchema":{"properties":{"clear":{"description":"Optional: Clear all scheduled notifications","type":"boolean"},"list":{"description":"Optional: List scheduled notifications","type":"boolean"}},"type":"object"},"name":"macos-use_notification_schedule"},{"description":"List all folders in Apple Notes.","inputSchema":{"properties":{},"type":"object"},"name":"macos-use_notes_list_folders"},{"description":"Create a new note in Apple Notes.","inputSchema":{"properties":{"body":{"description":"HTML or plain text content. First line becomes title.","type":"string"},"folder":{"description":"Optional folder name.","type":"string"}},"required":["body"],"type":"object"},"name":"macos-use_notes_create_note"},{"description":"Get the HTML content of a note by name.","inputSchema":{"properties":{"name":{"description":"Name/Title of the note to find.","type":"string"}},"required":["name"],"type":"object"},"name":"macos-use_notes_get_content"},{"description":"Enhanced email sending with CC/BCC, HTML formatting, attachments, and draft support.","inputSchema":{"properties":{"attachments":{"description":"Optional list of file paths to attach","items":{"type":"string"},"type":"array"},"bcc":{"description":"Optional BCC recipient","type":"string"},"body":{"description":"Email body content","type":"string"},"cc":{"description":"Optional CC recipient","type":"string"},"draft":{"description":"Optional: Save as draft instead of sending","type":"boolean"},"html":{"description":"Optional: Send as HTML email","type":"boolean"},"subject":{"description":"Subject line","type":"string"},"to":{"description":"Recipient email address","type":"string"}},"required":["to","subject","body"],"type":"object"},"name":"macos-use_mail_send"},{"description":"Read recent subject lines from Apple Mail Inbox.","inputSchema":{"properties":{"limit":{"description":"Number of recent messages to read (default 5)","type":"integer"}},"type":"object"},"name":"macos-use_mail_read_inbox"},{"description":"Enhanced file listing with filtering, sorting, metadata extraction, and pagination support.","inputSchema":{"properties":{"filter":{"description":"Optional filter pattern (e.g., '*.txt', 'name contains test').","type":"string"},"limit":{"description":"Optional limit number of results.","type":"number"},"metadata":{"description":"Optional: Include file metadata (size, dates, permissions).","type":"boolean"},"order":{"description":"Optional sort direction: 'asc', 'desc'.","enum":["asc","desc"],"type":"string"},"path":{"description":"Optional folder path. If omitted, uses frontmost Finder window.","type":"string"},"sort":{"description":"Optional sort order: 'name', 'date', 'size', 'type'.","enum":["name","date","size","type"],"type":"string"}},"type":"object"},"name":"macos-use_finder_list_files"},{"description":"Returns the POSIX paths of currently selected items in Finder with optional metadata.","inputSchema":{"properties":{"metadata":{"description":"Optional: Include file metadata for selected items.","type":"boolean"}},"type":"object"},"name":"macos-use_finder_get_selection"},{"description":"Opens a folder or file in Finder.","inputSchema":{"properties":{"path":{"description":"REQUIRED. The POSIX path to open.","type":"string"}},"required":["path"],"type":"object"},"name":"macos-use_finder_open_path"},{"description":"Moves the specified file or folder to the Trash via Finder.","inputSchema":{"properties":{"path":{"description":"REQUIRED. The POSIX path of the item to trash.","type":"string"}},"required":["path"],"type":"object"},"name":"macos-use_finder_move_to_trash"},{"description":"Returns a list of all currently running applications with their PIDs, bundle IDs, and window information.","inputSchema":{"properties":{"filter":{"description":"Optional: Filter by application name or bundle identifier.","type":"string"}},"type":"object"},"name":"macos-use_list_running_apps"},{"description":"Returns a list of open tabs in specified browser with titles and URLs.","inputSchema":{"properties":{"browser":{"description":"Browser name (chrome, safari, firefox). If not specified, checks all browsers.","type":"string"}},"type":"object"},"name":"macos-use_list_browser_tabs"},{"description":"Returns a list of all open windows across all applications with titles and positions.","inputSchema":{"properties":{},"type":"object"},"name":"macos-use_list_all_windows"},{"description":"Returns a detailed JSON structure describing all available tools, their schemas, and usage examples.","inputSchema":{"properties":{"toolName":{"description":"Optional: Filter by tool name","type":"string"}},"type":"object"},"name":"macos-use_list_tools_dynamic"},{"description":"Returns information about the currently active (frontmost) application.","inputSchema":{"properties":{},"type":"object"},"name":"macos-use_get_frontmost_app"},{"description":"Returns the current battery status, including percentage and charging state.","inputSchema":{"properties":{},"type":"object"},"name":"macos-use_get_battery_info"},{"description":"Returns details about the current WiFi connection (SSID, signal strength).","inputSchema":{"properties":{},"type":"object"},"name":"macos-use_get_wifi_details"},{"description":"Sets the system output volume to a specific level (0-100).","inputSchema":{"properties":{"level":{"description":"Volume level from 0 to 100.","type":"number"}},"required":["level"],"type":"object"},"name":"macos-use_set_system_volume"},{"description":"Sets the primary display brightness (0.0 to 1.0).","inputSchema":{"properties":{"level":{"description":"Brightness level from 0.0 to 1.0.","type":"number"}},"required":["level"],"type":"object"},"name":"macos-use_set_screen_brightness"},{"description":"Empties the macOS Trash via Finder.","inputSchema":{"properties":{},"type":"object"},"name":"macos-use_empty_trash"},{"description":"Returns detailed information about the frontmost window.","inputSchema":{"properties":{},"type":"object"},"name":"macos-use_get_active_window_info"},{"description":"Closes a specific window by name or the frontmost window.","inputSchema":{"properties":{"windowName":{"description":"Optional: Title of the window to close. If omitted, closes front window.","type":"string"}},"type":"object"},"name":"macos-use_close_window"},{"description":"Moves a window to specified screen coordinates.","inputSchema":{"properties":{"windowName":{"description":"Optional: Window title","type":"string"},"x":{"description":"New X coordinate","type":"number"},"y":{"description":"New Y coordinate","type":"number"}},"required":["x","y"],"type":"object"},"name":"macos-use_move_window"},{"description":"Resizes a window to specified dimensions.","inputSchema":{"properties":{"height":{"description":"New height","type":"number"},"width":{"description":"New width","type":"number"},"windowName":{"description":"Optional: Window title","type":"string"}},"required":["width","height"],"type":"object"},"name":"macos-use_resize_window"},{"description":"Lists all active network interfaces on the system.","inputSchema":{"properties":{},"type":"object"},"name":"macos-use_list_network_interfaces"},{"description":"Returns the local and estimated public IP address.","inputSchema":{"properties":{},"type":"object"},"name":"macos-use_get_ip_address"},{"description":"Sequentially requests all necessary macOS permissions (Calendar, Reminders, Notifications, Accessibility) to trigger interactive system prompts.","inputSchema":{"properties":{},"type":"object"},"name":"macos-use_request_permissions"},{"description":"Alias for macos-use_run_applescript.","inputSchema":{"properties":{"aiGenerate":{"description":"Optional: Generate AppleScript using AI based on description.","type":"boolean"},"debug":{"description":"Optional: Enable debugging mode with detailed output.","type":"boolean"},"description":{"description":"Optional: Describe what you want to accomplish, AI will generate the script.","type":"string"},"script":{"description":"REQUIRED. The AppleScript code to execute.","type":"string"},"template":{"description":"Optional: Use predefined template (automation, file_ops, system_info, etc.).","type":"string"},"timeout":{"description":"Optional: Execution timeout in seconds (default: 10).","type":"number"},"validate":{"description":"Optional: Validate script syntax before execution.","type":"boolean"}},"required":["script"],"type":"object"},"name":"macos-use_applescript"},{"description":"Alias for macos-use_notes_create_note.","inputSchema":{"properties":{"body":{"description":"HTML or plain text content. First line becomes title.","type":"string"},"folder":{"description":"Optional folder name.","type":"string"}},"required":["body"],"type":"object"},"name":"macos-use_notes_create"},{"description":"Alias for macos-use_notes_get_content.","inputSchema":{"properties":{"name":{"description":"Name/Title of the note to find.","type":"string"}},"required":["name"],"type":"object"},"name":"macos-use_notes_get"},{"description":"Alias for macos-use_send_notification.","inputSchema":{"properties":{"message":{"description":"Notification body text","type":"string"},"persistent":{"description":"Optional: Keep notification until dismissed","type":"boolean"},"schedule":{"description":"Optional: Schedule notification in ISO format (e.g., '2026-02-10T15:00:00Z')","type":"string"},"sound":{"description":"Optional: Sound name - 'default', 'none', or system sound name","type":"string"},"template":{"description":"Optional: Use predefined template","type":"string"},"title":{"description":"Notification title","type":"string"}},"required":["title","message"],"type":"object"},"name":"macos-use_notification"},{"description":"Alias for macos-use_mail_read_inbox.","inputSchema":{"properties":{"limit":{"description":"Number of recent messages to read (default 5)","type":"integer"}},"type":"object"},"name":"macos-use_mail_read"},{"description":"Alias for macos-use_analyze_screen.","inputSchema":{"properties":{"confidence":{"description":"Optional: Include confidence scores in results","type":"boolean"},"format":{"description":"Optional output format: 'json', 'text', 'both'","enum":["json","text","both"],"type":"string"},"language":{"description":"Optional language hint: 'en', 'uk', 'ru', 'auto'","enum":["en","uk","ru","auto"],"type":"string"},"region":{"description":"Optional region to analyze: {x: number, y: number, width: number, height: number}","properties":{"height":{"description":"Height of region","type":"number"},"width":{"description":"Width of region","type":"number"},"x":{"description":"X coordinate of top-left corner","type":"number"},"y":{"description":"Y coordinate of top-left corner","type":"number"}},"type":"object"}},"type":"object"},"name":"macos-use_perform_ocr"},{"description":"Alias for macos-use_analyze_screen.","inputSchema":{"properties":{"confidence":{"description":"Optional: Include confidence scores in results","type":"boolean"},"format":{"description":"Optional output format: 'json', 'text', 'both'","enum":["json","text","both"],"type":"string"},"language":{"description":"Optional language hint: 'en', 'uk', 'ru', 'auto'","enum":["en","uk","ru","auto"],"type":"string"},"region":{"description":"Optional region to analyze: {x: number, y: number, width: number, height: number}","properties":{"height":{"description":"Height of region","type":"number"},"width":{"description":"Width of region","type":"number"},"x":{"description":"X coordinate of top-left corner","type":"number"},"y":{"description":"Y coordinate of top-left corner","type":"number"}},"type":"object"}},"type":"object"},"name":"macos-use_analyze_ui"},{"description":"Alias for macos-use_countdown_timer.","inputSchema":{"properties":{"message":{"description":"Optional: Message to display when countdown ends.","type":"string"},"notification":{"description":"Optional: Send notification when countdown ends.","type":"boolean"},"seconds":{"description":"Required: Countdown duration in seconds.","type":"number"}},"required":["seconds"],"type":"object"},"name":"macos-use_countdown"},{"description":"Alias for execute_command.","inputSchema":{"properties":{"command":{"description":"REQUIRED. The shell command to execute.","type":"string"}},"required":["command"],"type":"object"},"name":"macos-use_execute_command"},{"description":"Alias for execute_command.","inputSchema":{"properties":{"command":{"description":"REQUIRED. The shell command to execute.","type":"string"}},"required":["command"],"type":"object"},"name":"macos-use_open_terminal"}]}}
